// Validating benchmarks:
// ***** BenchmarkRunner: Start   *****
// ***** Found 2 benchmark(s) in total *****
// ***** Building 1 exe(s) in Parallel: Start   *****
// start dotnet  restore --nodeReuse:false /p:UseSharedCompilation=false /p:Deterministic=true /p:Optimize=true /p:ArtifactsPath="/Users/drunkcod/Home/DataBoss/Build/DataBoss.Benchmarks/Release/net10.0/DataBoss.Benchmarks-DefaultJob-1/" /p:OutDir="/Users/drunkcod/Home/DataBoss/Build/DataBoss.Benchmarks/Release/net10.0/DataBoss.Benchmarks-DefaultJob-1/bin/Release/net10.0/" /p:OutputPath="/Users/drunkcod/Home/DataBoss/Build/DataBoss.Benchmarks/Release/net10.0/DataBoss.Benchmarks-DefaultJob-1/bin/Release/net10.0/" /p:PublishDir="/Users/drunkcod/Home/DataBoss/Build/DataBoss.Benchmarks/Release/net10.0/DataBoss.Benchmarks-DefaultJob-1/publish/" in /Users/drunkcod/Home/DataBoss/Build/DataBoss.Benchmarks/Release/net10.0/DataBoss.Benchmarks-DefaultJob-1
// command took 1.07 sec and exited with 0
// start dotnet  build -c Release --no-restore --nodeReuse:false /p:UseSharedCompilation=false /p:Deterministic=true /p:Optimize=true /p:ArtifactsPath="/Users/drunkcod/Home/DataBoss/Build/DataBoss.Benchmarks/Release/net10.0/DataBoss.Benchmarks-DefaultJob-1/" /p:OutDir="/Users/drunkcod/Home/DataBoss/Build/DataBoss.Benchmarks/Release/net10.0/DataBoss.Benchmarks-DefaultJob-1/bin/Release/net10.0/" /p:OutputPath="/Users/drunkcod/Home/DataBoss/Build/DataBoss.Benchmarks/Release/net10.0/DataBoss.Benchmarks-DefaultJob-1/bin/Release/net10.0/" /p:PublishDir="/Users/drunkcod/Home/DataBoss/Build/DataBoss.Benchmarks/Release/net10.0/DataBoss.Benchmarks-DefaultJob-1/publish/" --output "/Users/drunkcod/Home/DataBoss/Build/DataBoss.Benchmarks/Release/net10.0/DataBoss.Benchmarks-DefaultJob-1/bin/Release/net10.0/" in /Users/drunkcod/Home/DataBoss/Build/DataBoss.Benchmarks/Release/net10.0/DataBoss.Benchmarks-DefaultJob-1
// command took 7.67 sec and exited with 0
// ***** Done, took 00:00:08 (8.86 sec)   *****
// Found 2 benchmarks:
//   RecordReaderBenchmark.ObjectDataRecordReader_Benchmark: DefaultJob
//   RecordReaderBenchmark.TupleRecordReader_Benchmark: DefaultJob

// **************************
// Benchmark: RecordReaderBenchmark.ObjectDataRecordReader_Benchmark: DefaultJob
// *** Execute ***
// Launch: 1 / 1
// Execute: dotnet DataBoss.Benchmarks-DefaultJob-1.dll --anonymousPipes 116 117 --benchmarkName DataBoss.Benchmarks.RecordReaderBenchmark.ObjectDataRecordReader_Benchmark --job Default --benchmarkId 0 in /Users/drunkcod/Home/DataBoss/Build/DataBoss.Benchmarks/Release/net10.0/DataBoss.Benchmarks-DefaultJob-1/bin/Release/net10.0
// Failed to set up high priority (Permission denied). In order to run benchmarks with high priority, make sure you have the right permissions.
// BeforeAnythingElse

// Benchmark Process Environment Information:
// BenchmarkDotNet v0.15.8
// Runtime=.NET 10.0.0 (10.0.0, 10.0.25.52411), Arm64 RyuJIT armv8.0-a
// GC=Concurrent Workstation
// HardwareIntrinsics=ArmBase+AdvSimd,AES,CRC32,DP,RDM,SHA1,SHA256 VectorSize=128
// Job: DefaultJob

OverheadJitting  1: 1 op, 87459.00 ns, 87.4590 us/op
WorkloadJitting  1: 1 op, 35767875.00 ns, 35.7679 ms/op

WorkloadPilot    1: 2 op, 7333250.00 ns, 3.6666 ms/op
WorkloadPilot    2: 3 op, 10401792.00 ns, 3.4673 ms/op
WorkloadPilot    3: 4 op, 13902083.00 ns, 3.4755 ms/op
WorkloadPilot    4: 5 op, 17011833.00 ns, 3.4024 ms/op
WorkloadPilot    5: 6 op, 20674791.00 ns, 3.4458 ms/op
WorkloadPilot    6: 7 op, 23852375.00 ns, 3.4075 ms/op
WorkloadPilot    7: 8 op, 27597500.00 ns, 3.4497 ms/op
WorkloadPilot    8: 9 op, 30922333.00 ns, 3.4358 ms/op
WorkloadPilot    9: 10 op, 34513292.00 ns, 3.4513 ms/op
WorkloadPilot   10: 11 op, 38085541.00 ns, 3.4623 ms/op
WorkloadPilot   11: 12 op, 44501833.00 ns, 3.7085 ms/op
WorkloadPilot   12: 13 op, 27586208.00 ns, 2.1220 ms/op
WorkloadPilot   13: 14 op, 27675458.00 ns, 1.9768 ms/op
WorkloadPilot   14: 15 op, 30123250.00 ns, 2.0082 ms/op
WorkloadPilot   15: 16 op, 31327667.00 ns, 1.9580 ms/op
WorkloadPilot   16: 32 op, 63165583.00 ns, 1.9739 ms/op
WorkloadPilot   17: 64 op, 125913416.00 ns, 1.9674 ms/op
WorkloadPilot   18: 128 op, 111416666.00 ns, 870.4427 us/op
WorkloadPilot   19: 256 op, 223768916.00 ns, 874.0973 us/op
WorkloadPilot   20: 512 op, 437248375.00 ns, 854.0007 us/op
WorkloadPilot   21: 1024 op, 882640541.00 ns, 861.9537 us/op

WorkloadWarmup   1: 1024 op, 874973208.00 ns, 854.4660 us/op
WorkloadWarmup   2: 1024 op, 832530791.00 ns, 813.0184 us/op
WorkloadWarmup   3: 1024 op, 801549791.00 ns, 782.7635 us/op
WorkloadWarmup   4: 1024 op, 803360750.00 ns, 784.5320 us/op
WorkloadWarmup   5: 1024 op, 801483375.00 ns, 782.6986 us/op
WorkloadWarmup   6: 1024 op, 798015292.00 ns, 779.3118 us/op
WorkloadWarmup   7: 1024 op, 799217209.00 ns, 780.4856 us/op
WorkloadWarmup   8: 1024 op, 815422625.00 ns, 796.3112 us/op
WorkloadWarmup   9: 1024 op, 802254208.00 ns, 783.4514 us/op

// BeforeActualRun
WorkloadActual   1: 1024 op, 804643708.00 ns, 785.7849 us/op
WorkloadActual   2: 1024 op, 801553000.00 ns, 782.7666 us/op
WorkloadActual   3: 1024 op, 801783250.00 ns, 782.9915 us/op
WorkloadActual   4: 1024 op, 800253416.00 ns, 781.4975 us/op
WorkloadActual   5: 1024 op, 804070041.00 ns, 785.2246 us/op
WorkloadActual   6: 1024 op, 813116958.00 ns, 794.0595 us/op
WorkloadActual   7: 1024 op, 798595083.00 ns, 779.8780 us/op
WorkloadActual   8: 1024 op, 804248333.00 ns, 785.3988 us/op
WorkloadActual   9: 1024 op, 801297541.00 ns, 782.5171 us/op
WorkloadActual  10: 1024 op, 812709250.00 ns, 793.6614 us/op
WorkloadActual  11: 1024 op, 797697083.00 ns, 779.0011 us/op
WorkloadActual  12: 1024 op, 801444292.00 ns, 782.6604 us/op
WorkloadActual  13: 1024 op, 803715334.00 ns, 784.8783 us/op
WorkloadActual  14: 1024 op, 796949292.00 ns, 778.2708 us/op
WorkloadActual  15: 1024 op, 803883125.00 ns, 785.0421 us/op

// AfterActualRun
WorkloadResult   1: 1024 op, 804643708.00 ns, 785.7849 us/op
WorkloadResult   2: 1024 op, 801553000.00 ns, 782.7666 us/op
WorkloadResult   3: 1024 op, 801783250.00 ns, 782.9915 us/op
WorkloadResult   4: 1024 op, 800253416.00 ns, 781.4975 us/op
WorkloadResult   5: 1024 op, 804070041.00 ns, 785.2246 us/op
WorkloadResult   6: 1024 op, 798595083.00 ns, 779.8780 us/op
WorkloadResult   7: 1024 op, 804248333.00 ns, 785.3988 us/op
WorkloadResult   8: 1024 op, 801297541.00 ns, 782.5171 us/op
WorkloadResult   9: 1024 op, 797697083.00 ns, 779.0011 us/op
WorkloadResult  10: 1024 op, 801444292.00 ns, 782.6604 us/op
WorkloadResult  11: 1024 op, 803715334.00 ns, 784.8783 us/op
WorkloadResult  12: 1024 op, 796949292.00 ns, 778.2708 us/op
WorkloadResult  13: 1024 op, 803883125.00 ns, 785.0421 us/op
// GC:  131 14 0 1102884960 1024
// Threading:  0 0 1024

// AfterAll
// Benchmark Process 60667 has exited with code 0.

Mean = 782.762 μs, StdErr = 0.699 μs (0.09%), N = 13, StdDev = 2.520 μs
Min = 778.271 μs, Q1 = 781.497 μs, Median = 782.767 μs, Q3 = 785.042 μs, Max = 785.785 μs
IQR = 3.545 μs, LowerFence = 776.181 μs, UpperFence = 790.359 μs
ConfidenceInterval = [779.745 μs; 785.780 μs] (CI 99.9%), Margin = 3.017 μs (0.39% of Mean)
Skewness = -0.42, Kurtosis = 1.71, MValue = 2

// ** Remained 1 (50.0%) benchmark(s) to run. Estimated finish 2026-01-30 22:39 (0h 0m from now) **
// **************************
// Benchmark: RecordReaderBenchmark.TupleRecordReader_Benchmark: DefaultJob
// *** Execute ***
// Launch: 1 / 1
// Execute: dotnet DataBoss.Benchmarks-DefaultJob-1.dll --anonymousPipes 116 117 --benchmarkName DataBoss.Benchmarks.RecordReaderBenchmark.TupleRecordReader_Benchmark --job Default --benchmarkId 1 in /Users/drunkcod/Home/DataBoss/Build/DataBoss.Benchmarks/Release/net10.0/DataBoss.Benchmarks-DefaultJob-1/bin/Release/net10.0
// Failed to set up high priority (Permission denied). In order to run benchmarks with high priority, make sure you have the right permissions.
// BeforeAnythingElse

// Benchmark Process Environment Information:
// BenchmarkDotNet v0.15.8
// Runtime=.NET 10.0.0 (10.0.0, 10.0.25.52411), Arm64 RyuJIT armv8.0-a
// GC=Concurrent Workstation
// HardwareIntrinsics=ArmBase+AdvSimd,AES,CRC32,DP,RDM,SHA1,SHA256 VectorSize=128
// Job: DefaultJob

OverheadJitting  1: 1 op, 89250.00 ns, 89.2500 us/op
WorkloadJitting  1: 1 op, 38509375.00 ns, 38.5094 ms/op

WorkloadPilot    1: 2 op, 10061917.00 ns, 5.0310 ms/op
WorkloadPilot    2: 3 op, 14721750.00 ns, 4.9073 ms/op
WorkloadPilot    3: 4 op, 19216041.00 ns, 4.8040 ms/op
WorkloadPilot    4: 5 op, 23930417.00 ns, 4.7861 ms/op
WorkloadPilot    5: 6 op, 28359083.00 ns, 4.7265 ms/op
WorkloadPilot    6: 7 op, 36690084.00 ns, 5.2414 ms/op
WorkloadPilot    7: 8 op, 39245542.00 ns, 4.9057 ms/op
WorkloadPilot    8: 9 op, 43635750.00 ns, 4.8484 ms/op
WorkloadPilot    9: 10 op, 48297917.00 ns, 4.8298 ms/op
WorkloadPilot   10: 11 op, 52695042.00 ns, 4.7905 ms/op
WorkloadPilot   11: 12 op, 58024542.00 ns, 4.8354 ms/op
WorkloadPilot   12: 13 op, 45311917.00 ns, 3.4855 ms/op
WorkloadPilot   13: 14 op, 45443584.00 ns, 3.2460 ms/op
WorkloadPilot   14: 15 op, 102556834.00 ns, 6.8371 ms/op
WorkloadPilot   15: 16 op, 123165208.00 ns, 7.6978 ms/op
WorkloadPilot   16: 32 op, 260634916.00 ns, 8.1448 ms/op
WorkloadPilot   17: 64 op, 489682584.00 ns, 7.6513 ms/op
WorkloadPilot   18: 128 op, 974852375.00 ns, 7.6160 ms/op

WorkloadWarmup   1: 128 op, 600881542.00 ns, 4.6944 ms/op
WorkloadWarmup   2: 128 op, 163221167.00 ns, 1.2752 ms/op
WorkloadWarmup   3: 128 op, 164273500.00 ns, 1.2834 ms/op
WorkloadWarmup   4: 128 op, 165454417.00 ns, 1.2926 ms/op
WorkloadWarmup   5: 128 op, 164749542.00 ns, 1.2871 ms/op
WorkloadWarmup   6: 128 op, 161329250.00 ns, 1.2604 ms/op
WorkloadWarmup   7: 128 op, 158624417.00 ns, 1.2393 ms/op
WorkloadWarmup   8: 128 op, 159551125.00 ns, 1.2465 ms/op
WorkloadWarmup   9: 128 op, 159277333.00 ns, 1.2444 ms/op

// BeforeActualRun
WorkloadActual   1: 128 op, 158539750.00 ns, 1.2386 ms/op
WorkloadActual   2: 128 op, 159543958.00 ns, 1.2464 ms/op
WorkloadActual   3: 128 op, 158832542.00 ns, 1.2409 ms/op
WorkloadActual   4: 128 op, 173859625.00 ns, 1.3583 ms/op
WorkloadActual   5: 128 op, 160497791.00 ns, 1.2539 ms/op
WorkloadActual   6: 128 op, 157939459.00 ns, 1.2339 ms/op
WorkloadActual   7: 128 op, 159628125.00 ns, 1.2471 ms/op
WorkloadActual   8: 128 op, 157497708.00 ns, 1.2305 ms/op
WorkloadActual   9: 128 op, 158163958.00 ns, 1.2357 ms/op
WorkloadActual  10: 128 op, 158991833.00 ns, 1.2421 ms/op
WorkloadActual  11: 128 op, 160219916.00 ns, 1.2517 ms/op
WorkloadActual  12: 128 op, 157747750.00 ns, 1.2324 ms/op
WorkloadActual  13: 128 op, 159934125.00 ns, 1.2495 ms/op
WorkloadActual  14: 128 op, 159473083.00 ns, 1.2459 ms/op
WorkloadActual  15: 128 op, 157550917.00 ns, 1.2309 ms/op

// AfterActualRun
WorkloadResult   1: 128 op, 158539750.00 ns, 1.2386 ms/op
WorkloadResult   2: 128 op, 159543958.00 ns, 1.2464 ms/op
WorkloadResult   3: 128 op, 158832542.00 ns, 1.2409 ms/op
WorkloadResult   4: 128 op, 160497791.00 ns, 1.2539 ms/op
WorkloadResult   5: 128 op, 157939459.00 ns, 1.2339 ms/op
WorkloadResult   6: 128 op, 159628125.00 ns, 1.2471 ms/op
WorkloadResult   7: 128 op, 157497708.00 ns, 1.2305 ms/op
WorkloadResult   8: 128 op, 158163958.00 ns, 1.2357 ms/op
WorkloadResult   9: 128 op, 158991833.00 ns, 1.2421 ms/op
WorkloadResult  10: 128 op, 160219916.00 ns, 1.2517 ms/op
WorkloadResult  11: 128 op, 157747750.00 ns, 1.2324 ms/op
WorkloadResult  12: 128 op, 159934125.00 ns, 1.2495 ms/op
WorkloadResult  13: 128 op, 159473083.00 ns, 1.2459 ms/op
WorkloadResult  14: 128 op, 157550917.00 ns, 1.2309 ms/op
// GC:  20 2 0 169242360 128
// Threading:  0 0 128

// AfterAll
// Benchmark Process 60679 has exited with code 0.

Mean = 1.241 ms, StdErr = 0.002 ms (0.17%), N = 14, StdDev = 0.008 ms
Min = 1.230 ms, Q1 = 1.234 ms, Median = 1.242 ms, Q3 = 1.247 ms, Max = 1.254 ms
IQR = 0.013 ms, LowerFence = 1.215 ms, UpperFence = 1.266 ms
ConfidenceInterval = [1.232 ms; 1.250 ms] (CI 99.9%), Margin = 0.009 ms (0.72% of Mean)
Skewness = 0.02, Kurtosis = 1.45, MValue = 2

// ** Remained 0 (0.0%) benchmark(s) to run. Estimated finish 2026-01-30 22:38 (0h 0m from now) **
// ***** BenchmarkRunner: Finish  *****

// * Export *
  BenchmarkDotNet.Artifacts/results/DataBoss.Benchmarks.RecordReaderBenchmark-report.csv
  BenchmarkDotNet.Artifacts/results/DataBoss.Benchmarks.RecordReaderBenchmark-report-github.md
  BenchmarkDotNet.Artifacts/results/DataBoss.Benchmarks.RecordReaderBenchmark-report.html

// * Detailed results *
RecordReaderBenchmark.ObjectDataRecordReader_Benchmark: DefaultJob
Runtime = .NET 10.0.0 (10.0.0, 10.0.25.52411), Arm64 RyuJIT armv8.0-a; GC = Concurrent Workstation
Mean = 782.762 μs, StdErr = 0.699 μs (0.09%), N = 13, StdDev = 2.520 μs
Min = 778.271 μs, Q1 = 781.497 μs, Median = 782.767 μs, Q3 = 785.042 μs, Max = 785.785 μs
IQR = 3.545 μs, LowerFence = 776.181 μs, UpperFence = 790.359 μs
ConfidenceInterval = [779.745 μs; 785.780 μs] (CI 99.9%), Margin = 3.017 μs (0.39% of Mean)
Skewness = -0.42, Kurtosis = 1.71, MValue = 2
-------------------- Histogram --------------------
[776.864 μs ; 787.191 μs) | @@@@@@@@@@@@@
---------------------------------------------------

RecordReaderBenchmark.TupleRecordReader_Benchmark: DefaultJob
Runtime = .NET 10.0.0 (10.0.0, 10.0.25.52411), Arm64 RyuJIT armv8.0-a; GC = Concurrent Workstation
Mean = 1.241 ms, StdErr = 0.002 ms (0.17%), N = 14, StdDev = 0.008 ms
Min = 1.230 ms, Q1 = 1.234 ms, Median = 1.242 ms, Q3 = 1.247 ms, Max = 1.254 ms
IQR = 0.013 ms, LowerFence = 1.215 ms, UpperFence = 1.266 ms
ConfidenceInterval = [1.232 ms; 1.250 ms] (CI 99.9%), Margin = 0.009 ms (0.72% of Mean)
Skewness = 0.02, Kurtosis = 1.45, MValue = 2
-------------------- Histogram --------------------
[1.226 ms ; 1.258 ms) | @@@@@@@@@@@@@@
---------------------------------------------------

// * Summary *

BenchmarkDotNet v0.15.8, macOS Tahoe 26.2 (25C56) [Darwin 25.2.0]
Apple M2 Pro, 1 CPU, 12 logical and 12 physical cores
.NET SDK 10.0.100
  [Host]     : .NET 10.0.0 (10.0.0, 10.0.25.52411), Arm64 RyuJIT armv8.0-a
  DefaultJob : .NET 10.0.0 (10.0.0, 10.0.25.52411), Arm64 RyuJIT armv8.0-a


| Method                           | Mean       | Error   | StdDev  | Ratio | Gen0     | Gen1    | Allocated | Alloc Ratio |
|--------------------------------- |-----------:|--------:|--------:|------:|---------:|--------:|----------:|------------:|
| ObjectDataRecordReader_Benchmark |   782.8 μs | 3.02 μs | 2.52 μs |  1.00 | 127.9297 | 13.6719 |   1.03 MB |        1.00 |
| TupleRecordReader_Benchmark      | 1,241.4 μs | 8.93 μs | 7.92 μs |  1.59 | 156.2500 | 15.6250 |   1.26 MB |        1.23 |

// * Hints *
Outliers
  RecordReaderBenchmark.ObjectDataRecordReader_Benchmark: Default -> 2 outliers were removed (793.66 μs, 794.06 μs)
  RecordReaderBenchmark.TupleRecordReader_Benchmark: Default      -> 1 outlier  was  removed (1.36 ms)

// * Legends *
  Mean        : Arithmetic mean of all measurements
  Error       : Half of 99.9% confidence interval
  StdDev      : Standard deviation of all measurements
  Ratio       : Mean of the ratio distribution ([Current]/[Baseline])
  Gen0        : GC Generation 0 collects per 1000 operations
  Gen1        : GC Generation 1 collects per 1000 operations
  Allocated   : Allocated memory per single operation (managed only, inclusive, 1KB = 1024B)
  Alloc Ratio : Allocated memory ratio distribution ([Current]/[Baseline])
  1 μs        : 1 Microsecond (0.000001 sec)

// * Diagnostic Output - MemoryDiagnoser *


// ***** BenchmarkRunner: End *****
Run time: 00:00:29 (29.99 sec), executed benchmarks: 2

Global total time: 00:00:39 (39.17 sec), executed benchmarks: 2
// * Artifacts cleanup *
Artifacts cleanup is finished
