// Validating benchmarks:
// ***** BenchmarkRunner: Start   *****
// ***** Found 2 benchmark(s) in total *****
// ***** Building 1 exe(s) in Parallel: Start   *****
// start dotnet  restore --nodeReuse:false /p:UseSharedCompilation=false /p:Deterministic=true /p:Optimize=true /p:ArtifactsPath="/Users/drunkcod/Home/DataBoss/Build/DataBoss.Benchmarks/Release/net10.0/DataBoss.Benchmarks-DefaultJob-1/" /p:OutDir="/Users/drunkcod/Home/DataBoss/Build/DataBoss.Benchmarks/Release/net10.0/DataBoss.Benchmarks-DefaultJob-1/bin/Release/net10.0/" /p:OutputPath="/Users/drunkcod/Home/DataBoss/Build/DataBoss.Benchmarks/Release/net10.0/DataBoss.Benchmarks-DefaultJob-1/bin/Release/net10.0/" /p:PublishDir="/Users/drunkcod/Home/DataBoss/Build/DataBoss.Benchmarks/Release/net10.0/DataBoss.Benchmarks-DefaultJob-1/publish/" in /Users/drunkcod/Home/DataBoss/Build/DataBoss.Benchmarks/Release/net10.0/DataBoss.Benchmarks-DefaultJob-1
// command took 0.85 sec and exited with 0
// start dotnet  build -c Release --no-restore --nodeReuse:false /p:UseSharedCompilation=false /p:Deterministic=true /p:Optimize=true /p:ArtifactsPath="/Users/drunkcod/Home/DataBoss/Build/DataBoss.Benchmarks/Release/net10.0/DataBoss.Benchmarks-DefaultJob-1/" /p:OutDir="/Users/drunkcod/Home/DataBoss/Build/DataBoss.Benchmarks/Release/net10.0/DataBoss.Benchmarks-DefaultJob-1/bin/Release/net10.0/" /p:OutputPath="/Users/drunkcod/Home/DataBoss/Build/DataBoss.Benchmarks/Release/net10.0/DataBoss.Benchmarks-DefaultJob-1/bin/Release/net10.0/" /p:PublishDir="/Users/drunkcod/Home/DataBoss/Build/DataBoss.Benchmarks/Release/net10.0/DataBoss.Benchmarks-DefaultJob-1/publish/" --output "/Users/drunkcod/Home/DataBoss/Build/DataBoss.Benchmarks/Release/net10.0/DataBoss.Benchmarks-DefaultJob-1/bin/Release/net10.0/" in /Users/drunkcod/Home/DataBoss/Build/DataBoss.Benchmarks/Release/net10.0/DataBoss.Benchmarks-DefaultJob-1
// command took 6.31 sec and exited with 0
// ***** Done, took 00:00:07 (7.27 sec)   *****
// Found 2 benchmarks:
//   RecordReaderBenchmark.ObjectDataRecordReader_Benchmark: DefaultJob
//   RecordReaderBenchmark.TupleRecordReader_Benchmark: DefaultJob

// **************************
// Benchmark: RecordReaderBenchmark.ObjectDataRecordReader_Benchmark: DefaultJob
// *** Execute ***
// Launch: 1 / 1
// Execute: dotnet DataBoss.Benchmarks-DefaultJob-1.dll --anonymousPipes 116 117 --benchmarkName DataBoss.Benchmarks.RecordReaderBenchmark.ObjectDataRecordReader_Benchmark --job Default --benchmarkId 0 in /Users/drunkcod/Home/DataBoss/Build/DataBoss.Benchmarks/Release/net10.0/DataBoss.Benchmarks-DefaultJob-1/bin/Release/net10.0
// Failed to set up high priority (Permission denied). In order to run benchmarks with high priority, make sure you have the right permissions.
// BeforeAnythingElse

// Benchmark Process Environment Information:
// BenchmarkDotNet v0.15.8
// Runtime=.NET 10.0.0 (10.0.0, 10.0.25.52411), Arm64 RyuJIT armv8.0-a
// GC=Concurrent Workstation
// HardwareIntrinsics=ArmBase+AdvSimd,AES,CRC32,DP,RDM,SHA1,SHA256 VectorSize=128
// Job: DefaultJob

OverheadJitting  1: 1 op, 85250.00 ns, 85.2500 us/op
WorkloadJitting  1: 1 op, 28495416.00 ns, 28.4954 ms/op

OverheadJitting  2: 16 op, 144334.00 ns, 9.0209 us/op
WorkloadJitting  2: 16 op, 106713917.00 ns, 6.6696 ms/op

WorkloadPilot    1: 16 op, 130891417.00 ns, 8.1807 ms/op
WorkloadPilot    2: 32 op, 241957667.00 ns, 7.5612 ms/op
WorkloadPilot    3: 64 op, 404761583.00 ns, 6.3244 ms/op
WorkloadPilot    4: 128 op, 188342209.00 ns, 1.4714 ms/op
WorkloadPilot    5: 256 op, 375284834.00 ns, 1.4660 ms/op
WorkloadPilot    6: 512 op, 730194792.00 ns, 1.4262 ms/op

OverheadWarmup   1: 512 op, 2917.00 ns, 5.6973 ns/op
OverheadWarmup   2: 512 op, 1583.00 ns, 3.0918 ns/op
OverheadWarmup   3: 512 op, 1709.00 ns, 3.3379 ns/op
OverheadWarmup   4: 512 op, 1292.00 ns, 2.5234 ns/op
OverheadWarmup   5: 512 op, 1291.00 ns, 2.5215 ns/op
OverheadWarmup   6: 512 op, 1542.00 ns, 3.0117 ns/op
OverheadWarmup   7: 512 op, 1542.00 ns, 3.0117 ns/op

OverheadActual   1: 512 op, 1625.00 ns, 3.1738 ns/op
OverheadActual   2: 512 op, 1583.00 ns, 3.0918 ns/op
OverheadActual   3: 512 op, 1750.00 ns, 3.4180 ns/op
OverheadActual   4: 512 op, 1417.00 ns, 2.7676 ns/op
OverheadActual   5: 512 op, 1666.00 ns, 3.2539 ns/op
OverheadActual   6: 512 op, 1541.00 ns, 3.0098 ns/op
OverheadActual   7: 512 op, 1459.00 ns, 2.8496 ns/op
OverheadActual   8: 512 op, 1459.00 ns, 2.8496 ns/op
OverheadActual   9: 512 op, 1666.00 ns, 3.2539 ns/op
OverheadActual  10: 512 op, 1458.00 ns, 2.8477 ns/op
OverheadActual  11: 512 op, 1625.00 ns, 3.1738 ns/op
OverheadActual  12: 512 op, 1583.00 ns, 3.0918 ns/op
OverheadActual  13: 512 op, 1583.00 ns, 3.0918 ns/op
OverheadActual  14: 512 op, 1791.00 ns, 3.4980 ns/op
OverheadActual  15: 512 op, 1500.00 ns, 2.9297 ns/op
OverheadActual  16: 512 op, 1583.00 ns, 3.0918 ns/op
OverheadActual  17: 512 op, 1583.00 ns, 3.0918 ns/op
OverheadActual  18: 512 op, 1625.00 ns, 3.1738 ns/op
OverheadActual  19: 512 op, 1625.00 ns, 3.1738 ns/op
OverheadActual  20: 512 op, 1459.00 ns, 2.8496 ns/op

WorkloadWarmup   1: 512 op, 726830792.00 ns, 1.4196 ms/op
WorkloadWarmup   2: 512 op, 728111167.00 ns, 1.4221 ms/op
WorkloadWarmup   3: 512 op, 729917833.00 ns, 1.4256 ms/op
WorkloadWarmup   4: 512 op, 729291834.00 ns, 1.4244 ms/op
WorkloadWarmup   5: 512 op, 726847291.00 ns, 1.4196 ms/op
WorkloadWarmup   6: 512 op, 727118916.00 ns, 1.4202 ms/op
WorkloadWarmup   7: 512 op, 735457375.00 ns, 1.4364 ms/op
WorkloadWarmup   8: 512 op, 726488000.00 ns, 1.4189 ms/op

// BeforeActualRun
WorkloadActual   1: 512 op, 732396542.00 ns, 1.4305 ms/op
WorkloadActual   2: 512 op, 730778125.00 ns, 1.4273 ms/op
WorkloadActual   3: 512 op, 728708792.00 ns, 1.4233 ms/op
WorkloadActual   4: 512 op, 739640625.00 ns, 1.4446 ms/op
WorkloadActual   5: 512 op, 730342833.00 ns, 1.4265 ms/op
WorkloadActual   6: 512 op, 729187084.00 ns, 1.4242 ms/op
WorkloadActual   7: 512 op, 729130209.00 ns, 1.4241 ms/op
WorkloadActual   8: 512 op, 727704250.00 ns, 1.4213 ms/op
WorkloadActual   9: 512 op, 729337750.00 ns, 1.4245 ms/op
WorkloadActual  10: 512 op, 738497459.00 ns, 1.4424 ms/op
WorkloadActual  11: 512 op, 727849500.00 ns, 1.4216 ms/op
WorkloadActual  12: 512 op, 727460583.00 ns, 1.4208 ms/op
WorkloadActual  13: 512 op, 750755833.00 ns, 1.4663 ms/op
WorkloadActual  14: 512 op, 728366708.00 ns, 1.4226 ms/op
WorkloadActual  15: 512 op, 726893875.00 ns, 1.4197 ms/op

// AfterActualRun
WorkloadResult   1: 512 op, 732394959.00 ns, 1.4305 ms/op
WorkloadResult   2: 512 op, 730776542.00 ns, 1.4273 ms/op
WorkloadResult   3: 512 op, 728707209.00 ns, 1.4233 ms/op
WorkloadResult   4: 512 op, 730341250.00 ns, 1.4264 ms/op
WorkloadResult   5: 512 op, 729185501.00 ns, 1.4242 ms/op
WorkloadResult   6: 512 op, 729128626.00 ns, 1.4241 ms/op
WorkloadResult   7: 512 op, 727702667.00 ns, 1.4213 ms/op
WorkloadResult   8: 512 op, 729336167.00 ns, 1.4245 ms/op
WorkloadResult   9: 512 op, 727847917.00 ns, 1.4216 ms/op
WorkloadResult  10: 512 op, 727459000.00 ns, 1.4208 ms/op
WorkloadResult  11: 512 op, 728365125.00 ns, 1.4226 ms/op
WorkloadResult  12: 512 op, 726892292.00 ns, 1.4197 ms/op
// GC:  314 3 0 2632728576 512
// Threading:  0 0 512

// AfterAll
// Benchmark Process 62139 has exited with code 0.

Mean = 1.424 ms, StdErr = 0.001 ms (0.06%), N = 12, StdDev = 0.003 ms
Min = 1.420 ms, Q1 = 1.422 ms, Median = 1.424 ms, Q3 = 1.425 ms, Max = 1.430 ms
IQR = 0.003 ms, LowerFence = 1.416 ms, UpperFence = 1.430 ms
ConfidenceInterval = [1.420 ms; 1.428 ms] (CI 99.9%), Margin = 0.004 ms (0.28% of Mean)
Skewness = 0.64, Kurtosis = 2.43, MValue = 2

// ** Remained 1 (50.0%) benchmark(s) to run. Estimated finish 2026-01-30 23:32 (0h 0m from now) **
// **************************
// Benchmark: RecordReaderBenchmark.TupleRecordReader_Benchmark: DefaultJob
// *** Execute ***
// Launch: 1 / 1
// Execute: dotnet DataBoss.Benchmarks-DefaultJob-1.dll --anonymousPipes 116 117 --benchmarkName DataBoss.Benchmarks.RecordReaderBenchmark.TupleRecordReader_Benchmark --job Default --benchmarkId 1 in /Users/drunkcod/Home/DataBoss/Build/DataBoss.Benchmarks/Release/net10.0/DataBoss.Benchmarks-DefaultJob-1/bin/Release/net10.0
// Failed to set up high priority (Permission denied). In order to run benchmarks with high priority, make sure you have the right permissions.
// BeforeAnythingElse

// Benchmark Process Environment Information:
// BenchmarkDotNet v0.15.8
// Runtime=.NET 10.0.0 (10.0.0, 10.0.25.52411), Arm64 RyuJIT armv8.0-a
// GC=Concurrent Workstation
// HardwareIntrinsics=ArmBase+AdvSimd,AES,CRC32,DP,RDM,SHA1,SHA256 VectorSize=128
// Job: DefaultJob

OverheadJitting  1: 1 op, 98333.00 ns, 98.3330 us/op
WorkloadJitting  1: 1 op, 31806583.00 ns, 31.8066 ms/op

OverheadJitting  2: 16 op, 140042.00 ns, 8.7526 us/op
WorkloadJitting  2: 16 op, 29824083.00 ns, 1.8640 ms/op

WorkloadPilot    1: 16 op, 28357709.00 ns, 1.7724 ms/op
WorkloadPilot    2: 32 op, 57454416.00 ns, 1.7955 ms/op
WorkloadPilot    3: 64 op, 178803250.00 ns, 2.7938 ms/op
WorkloadPilot    4: 128 op, 790651834.00 ns, 6.1770 ms/op

OverheadWarmup   1: 128 op, 2000.00 ns, 15.6250 ns/op
OverheadWarmup   2: 128 op, 667.00 ns, 5.2109 ns/op
OverheadWarmup   3: 128 op, 500.00 ns, 3.9063 ns/op
OverheadWarmup   4: 128 op, 458.00 ns, 3.5781 ns/op
OverheadWarmup   5: 128 op, 459.00 ns, 3.5859 ns/op
OverheadWarmup   6: 128 op, 542.00 ns, 4.2344 ns/op
OverheadWarmup   7: 128 op, 500.00 ns, 3.9063 ns/op
OverheadWarmup   8: 128 op, 500.00 ns, 3.9063 ns/op
OverheadWarmup   9: 128 op, 458.00 ns, 3.5781 ns/op

OverheadActual   1: 128 op, 625.00 ns, 4.8828 ns/op
OverheadActual   2: 128 op, 500.00 ns, 3.9063 ns/op
OverheadActual   3: 128 op, 500.00 ns, 3.9063 ns/op
OverheadActual   4: 128 op, 750.00 ns, 5.8594 ns/op
OverheadActual   5: 128 op, 500.00 ns, 3.9063 ns/op
OverheadActual   6: 128 op, 375.00 ns, 2.9297 ns/op
OverheadActual   7: 128 op, 500.00 ns, 3.9063 ns/op
OverheadActual   8: 128 op, 500.00 ns, 3.9063 ns/op
OverheadActual   9: 128 op, 458.00 ns, 3.5781 ns/op
OverheadActual  10: 128 op, 500.00 ns, 3.9063 ns/op
OverheadActual  11: 128 op, 375.00 ns, 2.9297 ns/op
OverheadActual  12: 128 op, 500.00 ns, 3.9063 ns/op
OverheadActual  13: 128 op, 458.00 ns, 3.5781 ns/op
OverheadActual  14: 128 op, 500.00 ns, 3.9063 ns/op
OverheadActual  15: 128 op, 500.00 ns, 3.9063 ns/op
OverheadActual  16: 128 op, 541.00 ns, 4.2266 ns/op
OverheadActual  17: 128 op, 459.00 ns, 3.5859 ns/op
OverheadActual  18: 128 op, 459.00 ns, 3.5859 ns/op
OverheadActual  19: 128 op, 416.00 ns, 3.2500 ns/op
OverheadActual  20: 128 op, 459.00 ns, 3.5859 ns/op

WorkloadWarmup   1: 128 op, 244519917.00 ns, 1.9103 ms/op
WorkloadWarmup   2: 128 op, 70990375.00 ns, 554.6123 us/op
WorkloadWarmup   3: 128 op, 74143875.00 ns, 579.2490 us/op
WorkloadWarmup   4: 128 op, 73115166.00 ns, 571.2122 us/op
WorkloadWarmup   5: 128 op, 71330833.00 ns, 557.2721 us/op
WorkloadWarmup   6: 128 op, 75199417.00 ns, 587.4954 us/op
WorkloadWarmup   7: 128 op, 73181583.00 ns, 571.7311 us/op

// BeforeActualRun
WorkloadActual   1: 128 op, 71966250.00 ns, 562.2363 us/op
WorkloadActual   2: 128 op, 72078292.00 ns, 563.1117 us/op
WorkloadActual   3: 128 op, 73785833.00 ns, 576.4518 us/op
WorkloadActual   4: 128 op, 72136917.00 ns, 563.5697 us/op
WorkloadActual   5: 128 op, 73484583.00 ns, 574.0983 us/op
WorkloadActual   6: 128 op, 72063208.00 ns, 562.9938 us/op
WorkloadActual   7: 128 op, 71905417.00 ns, 561.7611 us/op
WorkloadActual   8: 128 op, 73622958.00 ns, 575.1794 us/op
WorkloadActual   9: 128 op, 77064333.00 ns, 602.0651 us/op
WorkloadActual  10: 128 op, 72261125.00 ns, 564.5400 us/op
WorkloadActual  11: 128 op, 74101917.00 ns, 578.9212 us/op
WorkloadActual  12: 128 op, 72696958.00 ns, 567.9450 us/op
WorkloadActual  13: 128 op, 75179041.00 ns, 587.3363 us/op
WorkloadActual  14: 128 op, 72034042.00 ns, 562.7660 us/op
WorkloadActual  15: 128 op, 73239917.00 ns, 572.1869 us/op

// AfterActualRun
WorkloadResult   1: 128 op, 71965750.00 ns, 562.2324 us/op
WorkloadResult   2: 128 op, 72077792.00 ns, 563.1078 us/op
WorkloadResult   3: 128 op, 73785333.00 ns, 576.4479 us/op
WorkloadResult   4: 128 op, 72136417.00 ns, 563.5658 us/op
WorkloadResult   5: 128 op, 73484083.00 ns, 574.0944 us/op
WorkloadResult   6: 128 op, 72062708.00 ns, 562.9899 us/op
WorkloadResult   7: 128 op, 71904917.00 ns, 561.7572 us/op
WorkloadResult   8: 128 op, 73622458.00 ns, 575.1755 us/op
WorkloadResult   9: 128 op, 72260625.00 ns, 564.5361 us/op
WorkloadResult  10: 128 op, 74101417.00 ns, 578.9173 us/op
WorkloadResult  11: 128 op, 72696458.00 ns, 567.9411 us/op
WorkloadResult  12: 128 op, 75178541.00 ns, 587.3324 us/op
WorkloadResult  13: 128 op, 72033542.00 ns, 562.7620 us/op
WorkloadResult  14: 128 op, 73239417.00 ns, 572.1829 us/op
// GC:  28 0 0 239309880 128
// Threading:  0 0 128

// AfterAll
// Benchmark Process 62144 has exited with code 0.

Mean = 569.503 μs, StdErr = 2.122 μs (0.37%), N = 14, StdDev = 7.938 μs
Min = 561.757 μs, Q1 = 563.019 μs, Median = 566.239 μs, Q3 = 574.905 μs, Max = 587.332 μs
IQR = 11.886 μs, LowerFence = 545.191 μs, UpperFence = 592.734 μs
ConfidenceInterval = [560.548 μs; 578.458 μs] (CI 99.9%), Margin = 8.955 μs (1.57% of Mean)
Skewness = 0.73, Kurtosis = 2.28, MValue = 2

// ** Remained 0 (0.0%) benchmark(s) to run. Estimated finish 2026-01-30 23:31 (0h 0m from now) **
// ***** BenchmarkRunner: Finish  *****

// * Export *
  BenchmarkDotNet.Artifacts/results/DataBoss.Benchmarks.RecordReaderBenchmark-report.csv
  BenchmarkDotNet.Artifacts/results/DataBoss.Benchmarks.RecordReaderBenchmark-report-github.md
  BenchmarkDotNet.Artifacts/results/DataBoss.Benchmarks.RecordReaderBenchmark-report.html

// * Detailed results *
RecordReaderBenchmark.ObjectDataRecordReader_Benchmark: DefaultJob
Runtime = .NET 10.0.0 (10.0.0, 10.0.25.52411), Arm64 RyuJIT armv8.0-a; GC = Concurrent Workstation
Mean = 1.424 ms, StdErr = 0.001 ms (0.06%), N = 12, StdDev = 0.003 ms
Min = 1.420 ms, Q1 = 1.422 ms, Median = 1.424 ms, Q3 = 1.425 ms, Max = 1.430 ms
IQR = 0.003 ms, LowerFence = 1.416 ms, UpperFence = 1.430 ms
ConfidenceInterval = [1.420 ms; 1.428 ms] (CI 99.9%), Margin = 0.004 ms (0.28% of Mean)
Skewness = 0.64, Kurtosis = 2.43, MValue = 2
-------------------- Histogram --------------------
[1.418 ms ; 1.432 ms) | @@@@@@@@@@@@
---------------------------------------------------

RecordReaderBenchmark.TupleRecordReader_Benchmark: DefaultJob
Runtime = .NET 10.0.0 (10.0.0, 10.0.25.52411), Arm64 RyuJIT armv8.0-a; GC = Concurrent Workstation
Mean = 569.503 μs, StdErr = 2.122 μs (0.37%), N = 14, StdDev = 7.938 μs
Min = 561.757 μs, Q1 = 563.019 μs, Median = 566.239 μs, Q3 = 574.905 μs, Max = 587.332 μs
IQR = 11.886 μs, LowerFence = 545.191 μs, UpperFence = 592.734 μs
ConfidenceInterval = [560.548 μs; 578.458 μs] (CI 99.9%), Margin = 8.955 μs (1.57% of Mean)
Skewness = 0.73, Kurtosis = 2.28, MValue = 2
-------------------- Histogram --------------------
[559.201 μs ; 591.655 μs) | @@@@@@@@@@@@@@
---------------------------------------------------

// * Summary *

BenchmarkDotNet v0.15.8, macOS Tahoe 26.2 (25C56) [Darwin 25.2.0]
Apple M2 Pro, 1 CPU, 12 logical and 12 physical cores
.NET SDK 10.0.100
  [Host]     : .NET 10.0.0 (10.0.0, 10.0.25.52411), Arm64 RyuJIT armv8.0-a
  DefaultJob : .NET 10.0.0 (10.0.0, 10.0.25.52411), Arm64 RyuJIT armv8.0-a


| Method                           | Mean       | Error   | StdDev  | Ratio | Gen0     | Gen1   | Allocated | Alloc Ratio |
|--------------------------------- |-----------:|--------:|--------:|------:|---------:|-------:|----------:|------------:|
| ObjectDataRecordReader_Benchmark | 1,423.9 μs | 3.92 μs | 3.06 μs |  1.00 | 613.2813 | 5.8594 |    4.9 MB |        1.00 |
| TupleRecordReader_Benchmark      |   569.5 μs | 8.95 μs | 7.94 μs |  0.40 | 218.7500 |      - |   1.78 MB |        0.36 |

// * Warnings *
MinIterationTime
  RecordReaderBenchmark.TupleRecordReader_Benchmark: Default -> The minimum observed iteration time is 71.905ms which is very small. It's recommended to increase it to at least 100ms using more operations.

// * Hints *
Outliers
  RecordReaderBenchmark.ObjectDataRecordReader_Benchmark: Default -> 3 outliers were removed (1.44 ms..1.47 ms)
  RecordReaderBenchmark.TupleRecordReader_Benchmark: Default      -> 1 outlier  was  removed (602.07 μs)

// * Legends *
  Mean        : Arithmetic mean of all measurements
  Error       : Half of 99.9% confidence interval
  StdDev      : Standard deviation of all measurements
  Ratio       : Mean of the ratio distribution ([Current]/[Baseline])
  Gen0        : GC Generation 0 collects per 1000 operations
  Gen1        : GC Generation 1 collects per 1000 operations
  Allocated   : Allocated memory per single operation (managed only, inclusive, 1KB = 1024B)
  Alloc Ratio : Allocated memory ratio distribution ([Current]/[Baseline])
  1 μs        : 1 Microsecond (0.000001 sec)

// * Diagnostic Output - MemoryDiagnoser *


// ***** BenchmarkRunner: End *****
Run time: 00:00:23 (23.2 sec), executed benchmarks: 2

Global total time: 00:00:30 (30.74 sec), executed benchmarks: 2
// * Artifacts cleanup *
Artifacts cleanup is finished
