// Validating benchmarks:
// ***** BenchmarkRunner: Start   *****
// ***** Found 2 benchmark(s) in total *****
// ***** Building 1 exe(s) in Parallel: Start   *****
// start dotnet  restore --nodeReuse:false /p:UseSharedCompilation=false /p:Deterministic=true /p:Optimize=true /p:ArtifactsPath="/Users/drunkcod/Home/DataBoss/Build/DataBoss.Benchmarks/Release/net10.0/DataBoss.Benchmarks-DefaultJob-1/" /p:OutDir="/Users/drunkcod/Home/DataBoss/Build/DataBoss.Benchmarks/Release/net10.0/DataBoss.Benchmarks-DefaultJob-1/bin/Release/net10.0/" /p:OutputPath="/Users/drunkcod/Home/DataBoss/Build/DataBoss.Benchmarks/Release/net10.0/DataBoss.Benchmarks-DefaultJob-1/bin/Release/net10.0/" /p:PublishDir="/Users/drunkcod/Home/DataBoss/Build/DataBoss.Benchmarks/Release/net10.0/DataBoss.Benchmarks-DefaultJob-1/publish/" in /Users/drunkcod/Home/DataBoss/Build/DataBoss.Benchmarks/Release/net10.0/DataBoss.Benchmarks-DefaultJob-1
// command took 0.85 sec and exited with 0
// start dotnet  build -c Release --no-restore --nodeReuse:false /p:UseSharedCompilation=false /p:Deterministic=true /p:Optimize=true /p:ArtifactsPath="/Users/drunkcod/Home/DataBoss/Build/DataBoss.Benchmarks/Release/net10.0/DataBoss.Benchmarks-DefaultJob-1/" /p:OutDir="/Users/drunkcod/Home/DataBoss/Build/DataBoss.Benchmarks/Release/net10.0/DataBoss.Benchmarks-DefaultJob-1/bin/Release/net10.0/" /p:OutputPath="/Users/drunkcod/Home/DataBoss/Build/DataBoss.Benchmarks/Release/net10.0/DataBoss.Benchmarks-DefaultJob-1/bin/Release/net10.0/" /p:PublishDir="/Users/drunkcod/Home/DataBoss/Build/DataBoss.Benchmarks/Release/net10.0/DataBoss.Benchmarks-DefaultJob-1/publish/" --output "/Users/drunkcod/Home/DataBoss/Build/DataBoss.Benchmarks/Release/net10.0/DataBoss.Benchmarks-DefaultJob-1/bin/Release/net10.0/" in /Users/drunkcod/Home/DataBoss/Build/DataBoss.Benchmarks/Release/net10.0/DataBoss.Benchmarks-DefaultJob-1
// command took 6.31 sec and exited with 0
// ***** Done, took 00:00:07 (7.23 sec)   *****
// Found 2 benchmarks:
//   RecordReaderBenchmark.ObjectDataRecordReader_Benchmark: DefaultJob
//   RecordReaderBenchmark.TupleRecordReader_Benchmark: DefaultJob

// **************************
// Benchmark: RecordReaderBenchmark.ObjectDataRecordReader_Benchmark: DefaultJob
// *** Execute ***
// Launch: 1 / 1
// Execute: dotnet DataBoss.Benchmarks-DefaultJob-1.dll --anonymousPipes 116 117 --benchmarkName DataBoss.Benchmarks.RecordReaderBenchmark.ObjectDataRecordReader_Benchmark --job Default --benchmarkId 0 in /Users/drunkcod/Home/DataBoss/Build/DataBoss.Benchmarks/Release/net10.0/DataBoss.Benchmarks-DefaultJob-1/bin/Release/net10.0
// Failed to set up high priority (Permission denied). In order to run benchmarks with high priority, make sure you have the right permissions.
// BeforeAnythingElse

// Benchmark Process Environment Information:
// BenchmarkDotNet v0.15.8
// Runtime=.NET 10.0.0 (10.0.0, 10.0.25.52411), Arm64 RyuJIT armv8.0-a
// GC=Concurrent Workstation
// HardwareIntrinsics=ArmBase+AdvSimd,AES,CRC32,DP,RDM,SHA1,SHA256 VectorSize=128
// Job: DefaultJob

OverheadJitting  1: 1 op, 82833.00 ns, 82.8330 us/op
WorkloadJitting  1: 1 op, 28751792.00 ns, 28.7518 ms/op

OverheadJitting  2: 16 op, 148875.00 ns, 9.3047 us/op
WorkloadJitting  2: 16 op, 109129042.00 ns, 6.8206 ms/op

WorkloadPilot    1: 16 op, 24612041.00 ns, 1.5383 ms/op
WorkloadPilot    2: 32 op, 49142375.00 ns, 1.5357 ms/op
WorkloadPilot    3: 64 op, 98185375.00 ns, 1.5341 ms/op
WorkloadPilot    4: 128 op, 202284750.00 ns, 1.5803 ms/op
WorkloadPilot    5: 256 op, 405629500.00 ns, 1.5845 ms/op
WorkloadPilot    6: 512 op, 741879708.00 ns, 1.4490 ms/op

OverheadWarmup   1: 512 op, 2917.00 ns, 5.6973 ns/op
OverheadWarmup   2: 512 op, 1542.00 ns, 3.0117 ns/op
OverheadWarmup   3: 512 op, 1542.00 ns, 3.0117 ns/op
OverheadWarmup   4: 512 op, 1833.00 ns, 3.5801 ns/op
OverheadWarmup   5: 512 op, 1666.00 ns, 3.2539 ns/op
OverheadWarmup   6: 512 op, 1542.00 ns, 3.0117 ns/op
OverheadWarmup   7: 512 op, 1666.00 ns, 3.2539 ns/op

OverheadActual   1: 512 op, 1667.00 ns, 3.2559 ns/op
OverheadActual   2: 512 op, 1625.00 ns, 3.1738 ns/op
OverheadActual   3: 512 op, 1625.00 ns, 3.1738 ns/op
OverheadActual   4: 512 op, 1541.00 ns, 3.0098 ns/op
OverheadActual   5: 512 op, 1625.00 ns, 3.1738 ns/op
OverheadActual   6: 512 op, 1583.00 ns, 3.0918 ns/op
OverheadActual   7: 512 op, 1500.00 ns, 2.9297 ns/op
OverheadActual   8: 512 op, 1542.00 ns, 3.0117 ns/op
OverheadActual   9: 512 op, 1583.00 ns, 3.0918 ns/op
OverheadActual  10: 512 op, 1625.00 ns, 3.1738 ns/op
OverheadActual  11: 512 op, 1875.00 ns, 3.6621 ns/op
OverheadActual  12: 512 op, 1542.00 ns, 3.0117 ns/op
OverheadActual  13: 512 op, 1583.00 ns, 3.0918 ns/op
OverheadActual  14: 512 op, 1583.00 ns, 3.0918 ns/op
OverheadActual  15: 512 op, 1583.00 ns, 3.0918 ns/op

WorkloadWarmup   1: 512 op, 727883458.00 ns, 1.4216 ms/op
WorkloadWarmup   2: 512 op, 726570125.00 ns, 1.4191 ms/op
WorkloadWarmup   3: 512 op, 731753333.00 ns, 1.4292 ms/op
WorkloadWarmup   4: 512 op, 732348542.00 ns, 1.4304 ms/op
WorkloadWarmup   5: 512 op, 727620750.00 ns, 1.4211 ms/op
WorkloadWarmup   6: 512 op, 740276375.00 ns, 1.4459 ms/op
WorkloadWarmup   7: 512 op, 727165500.00 ns, 1.4202 ms/op

// BeforeActualRun
WorkloadActual   1: 512 op, 727501708.00 ns, 1.4209 ms/op
WorkloadActual   2: 512 op, 753929625.00 ns, 1.4725 ms/op
WorkloadActual   3: 512 op, 728457916.00 ns, 1.4228 ms/op
WorkloadActual   4: 512 op, 728180125.00 ns, 1.4222 ms/op
WorkloadActual   5: 512 op, 727793625.00 ns, 1.4215 ms/op
WorkloadActual   6: 512 op, 728221625.00 ns, 1.4223 ms/op
WorkloadActual   7: 512 op, 737231375.00 ns, 1.4399 ms/op
WorkloadActual   8: 512 op, 727680458.00 ns, 1.4213 ms/op
WorkloadActual   9: 512 op, 728162625.00 ns, 1.4222 ms/op
WorkloadActual  10: 512 op, 728410750.00 ns, 1.4227 ms/op
WorkloadActual  11: 512 op, 727964750.00 ns, 1.4218 ms/op
WorkloadActual  12: 512 op, 727951375.00 ns, 1.4218 ms/op
WorkloadActual  13: 512 op, 729083709.00 ns, 1.4240 ms/op
WorkloadActual  14: 512 op, 740597542.00 ns, 1.4465 ms/op
WorkloadActual  15: 512 op, 727278875.00 ns, 1.4205 ms/op

// AfterActualRun
WorkloadResult   1: 512 op, 727500125.00 ns, 1.4209 ms/op
WorkloadResult   2: 512 op, 728456333.00 ns, 1.4228 ms/op
WorkloadResult   3: 512 op, 728178542.00 ns, 1.4222 ms/op
WorkloadResult   4: 512 op, 727792042.00 ns, 1.4215 ms/op
WorkloadResult   5: 512 op, 728220042.00 ns, 1.4223 ms/op
WorkloadResult   6: 512 op, 727678875.00 ns, 1.4212 ms/op
WorkloadResult   7: 512 op, 728161042.00 ns, 1.4222 ms/op
WorkloadResult   8: 512 op, 728409167.00 ns, 1.4227 ms/op
WorkloadResult   9: 512 op, 727963167.00 ns, 1.4218 ms/op
WorkloadResult  10: 512 op, 727949792.00 ns, 1.4218 ms/op
WorkloadResult  11: 512 op, 729082126.00 ns, 1.4240 ms/op
WorkloadResult  12: 512 op, 727277292.00 ns, 1.4205 ms/op
// GC:  314 3 0 2632728576 512
// Threading:  0 0 512

// AfterAll
// Benchmark Process 60761 has exited with code 0.

Mean = 1.422 ms, StdErr = 0.000 ms (0.02%), N = 12, StdDev = 0.001 ms
Min = 1.420 ms, Q1 = 1.421 ms, Median = 1.422 ms, Q3 = 1.422 ms, Max = 1.424 ms
IQR = 0.001 ms, LowerFence = 1.420 ms, UpperFence = 1.424 ms
ConfidenceInterval = [1.421 ms; 1.423 ms] (CI 99.9%), Margin = 0.001 ms (0.08% of Mean)
Skewness = 0.36, Kurtosis = 2.57, MValue = 2

// ** Remained 1 (50.0%) benchmark(s) to run. Estimated finish 2026-01-30 22:42 (0h 0m from now) **
// **************************
// Benchmark: RecordReaderBenchmark.TupleRecordReader_Benchmark: DefaultJob
// *** Execute ***
// Launch: 1 / 1
// Execute: dotnet DataBoss.Benchmarks-DefaultJob-1.dll --anonymousPipes 116 117 --benchmarkName DataBoss.Benchmarks.RecordReaderBenchmark.TupleRecordReader_Benchmark --job Default --benchmarkId 1 in /Users/drunkcod/Home/DataBoss/Build/DataBoss.Benchmarks/Release/net10.0/DataBoss.Benchmarks-DefaultJob-1/bin/Release/net10.0
// Failed to set up high priority (Permission denied). In order to run benchmarks with high priority, make sure you have the right permissions.
// BeforeAnythingElse

// Benchmark Process Environment Information:
// BenchmarkDotNet v0.15.8
// Runtime=.NET 10.0.0 (10.0.0, 10.0.25.52411), Arm64 RyuJIT armv8.0-a
// GC=Concurrent Workstation
// HardwareIntrinsics=ArmBase+AdvSimd,AES,CRC32,DP,RDM,SHA1,SHA256 VectorSize=128
// Job: DefaultJob

OverheadJitting  1: 1 op, 93834.00 ns, 93.8340 us/op
WorkloadJitting  1: 1 op, 32302000.00 ns, 32.3020 ms/op

OverheadJitting  2: 16 op, 144166.00 ns, 9.0104 us/op
WorkloadJitting  2: 16 op, 41039167.00 ns, 2.5649 ms/op

WorkloadPilot    1: 16 op, 39433333.00 ns, 2.4646 ms/op
WorkloadPilot    2: 32 op, 78577834.00 ns, 2.4556 ms/op
WorkloadPilot    3: 64 op, 354517416.00 ns, 5.5393 ms/op
WorkloadPilot    4: 128 op, 505386541.00 ns, 3.9483 ms/op

OverheadWarmup   1: 128 op, 1792.00 ns, 14.0000 ns/op
OverheadWarmup   2: 128 op, 834.00 ns, 6.5156 ns/op
OverheadWarmup   3: 128 op, 500.00 ns, 3.9063 ns/op
OverheadWarmup   4: 128 op, 458.00 ns, 3.5781 ns/op
OverheadWarmup   5: 128 op, 500.00 ns, 3.9063 ns/op
OverheadWarmup   6: 128 op, 541.00 ns, 4.2266 ns/op
OverheadWarmup   7: 128 op, 458.00 ns, 3.5781 ns/op
OverheadWarmup   8: 128 op, 417.00 ns, 3.2578 ns/op
OverheadWarmup   9: 128 op, 375.00 ns, 2.9297 ns/op
OverheadWarmup  10: 128 op, 375.00 ns, 2.9297 ns/op

OverheadActual   1: 128 op, 625.00 ns, 4.8828 ns/op
OverheadActual   2: 128 op, 666.00 ns, 5.2031 ns/op
OverheadActual   3: 128 op, 416.00 ns, 3.2500 ns/op
OverheadActual   4: 128 op, 583.00 ns, 4.5547 ns/op
OverheadActual   5: 128 op, 459.00 ns, 3.5859 ns/op
OverheadActual   6: 128 op, 667.00 ns, 5.2109 ns/op
OverheadActual   7: 128 op, 458.00 ns, 3.5781 ns/op
OverheadActual   8: 128 op, 333.00 ns, 2.6016 ns/op
OverheadActual   9: 128 op, 583.00 ns, 4.5547 ns/op
OverheadActual  10: 128 op, 500.00 ns, 3.9063 ns/op
OverheadActual  11: 128 op, 417.00 ns, 3.2578 ns/op
OverheadActual  12: 128 op, 584.00 ns, 4.5625 ns/op
OverheadActual  13: 128 op, 459.00 ns, 3.5859 ns/op
OverheadActual  14: 128 op, 458.00 ns, 3.5781 ns/op
OverheadActual  15: 128 op, 417.00 ns, 3.2578 ns/op
OverheadActual  16: 128 op, 500.00 ns, 3.9063 ns/op
OverheadActual  17: 128 op, 459.00 ns, 3.5859 ns/op
OverheadActual  18: 128 op, 458.00 ns, 3.5781 ns/op
OverheadActual  19: 128 op, 500.00 ns, 3.9063 ns/op
OverheadActual  20: 128 op, 459.00 ns, 3.5859 ns/op

WorkloadWarmup   1: 128 op, 78439875.00 ns, 612.8115 us/op
WorkloadWarmup   2: 128 op, 78071209.00 ns, 609.9313 us/op
WorkloadWarmup   3: 128 op, 78733208.00 ns, 615.1032 us/op
WorkloadWarmup   4: 128 op, 77837500.00 ns, 608.1055 us/op
WorkloadWarmup   5: 128 op, 76313375.00 ns, 596.1982 us/op
WorkloadWarmup   6: 128 op, 76365792.00 ns, 596.6078 us/op
WorkloadWarmup   7: 128 op, 77121792.00 ns, 602.5140 us/op
WorkloadWarmup   8: 128 op, 76966125.00 ns, 601.2979 us/op

// BeforeActualRun
WorkloadActual   1: 128 op, 76559083.00 ns, 598.1178 us/op
WorkloadActual   2: 128 op, 76677000.00 ns, 599.0391 us/op
WorkloadActual   3: 128 op, 76358084.00 ns, 596.5475 us/op
WorkloadActual   4: 128 op, 76710208.00 ns, 599.2985 us/op
WorkloadActual   5: 128 op, 77658375.00 ns, 606.7061 us/op
WorkloadActual   6: 128 op, 77843375.00 ns, 608.1514 us/op
WorkloadActual   7: 128 op, 77380708.00 ns, 604.5368 us/op
WorkloadActual   8: 128 op, 76136959.00 ns, 594.8200 us/op
WorkloadActual   9: 128 op, 77756291.00 ns, 607.4710 us/op
WorkloadActual  10: 128 op, 77133167.00 ns, 602.6029 us/op
WorkloadActual  11: 128 op, 80501917.00 ns, 628.9212 us/op
WorkloadActual  12: 128 op, 75584666.00 ns, 590.5052 us/op
WorkloadActual  13: 128 op, 73826875.00 ns, 576.7725 us/op
WorkloadActual  14: 128 op, 74940917.00 ns, 585.4759 us/op
WorkloadActual  15: 128 op, 74369417.00 ns, 581.0111 us/op

// AfterActualRun
WorkloadResult   1: 128 op, 76558624.00 ns, 598.1143 us/op
WorkloadResult   2: 128 op, 76676541.00 ns, 599.0355 us/op
WorkloadResult   3: 128 op, 76357625.00 ns, 596.5439 us/op
WorkloadResult   4: 128 op, 76709749.00 ns, 599.2949 us/op
WorkloadResult   5: 128 op, 77657916.00 ns, 606.7025 us/op
WorkloadResult   6: 128 op, 77842916.00 ns, 608.1478 us/op
WorkloadResult   7: 128 op, 77380249.00 ns, 604.5332 us/op
WorkloadResult   8: 128 op, 76136500.00 ns, 594.8164 us/op
WorkloadResult   9: 128 op, 77755832.00 ns, 607.4674 us/op
WorkloadResult  10: 128 op, 77132708.00 ns, 602.5993 us/op
WorkloadResult  11: 128 op, 75584207.00 ns, 590.5016 us/op
WorkloadResult  12: 128 op, 73826416.00 ns, 576.7689 us/op
WorkloadResult  13: 128 op, 74940458.00 ns, 585.4723 us/op
WorkloadResult  14: 128 op, 74368958.00 ns, 581.0075 us/op
// GC:  31 0 0 259814768 128
// Threading:  0 0 128

// AfterAll
// Benchmark Process 60766 has exited with code 0.

Mean = 596.500 μs, StdErr = 2.640 μs (0.44%), N = 14, StdDev = 9.878 μs
Min = 576.769 μs, Q1 = 591.580 μs, Median = 598.575 μs, Q3 = 604.050 μs, Max = 608.148 μs
IQR = 12.469 μs, LowerFence = 572.876 μs, UpperFence = 622.754 μs
ConfidenceInterval = [585.358 μs; 607.643 μs] (CI 99.9%), Margin = 11.143 μs (1.87% of Mean)
Skewness = -0.61, Kurtosis = 2.06, MValue = 2

// ** Remained 0 (0.0%) benchmark(s) to run. Estimated finish 2026-01-30 22:42 (0h 0m from now) **
// ***** BenchmarkRunner: Finish  *****

// * Export *
  BenchmarkDotNet.Artifacts/results/DataBoss.Benchmarks.RecordReaderBenchmark-report.csv
  BenchmarkDotNet.Artifacts/results/DataBoss.Benchmarks.RecordReaderBenchmark-report-github.md
  BenchmarkDotNet.Artifacts/results/DataBoss.Benchmarks.RecordReaderBenchmark-report.html

// * Detailed results *
RecordReaderBenchmark.ObjectDataRecordReader_Benchmark: DefaultJob
Runtime = .NET 10.0.0 (10.0.0, 10.0.25.52411), Arm64 RyuJIT armv8.0-a; GC = Concurrent Workstation
Mean = 1.422 ms, StdErr = 0.000 ms (0.02%), N = 12, StdDev = 0.001 ms
Min = 1.420 ms, Q1 = 1.421 ms, Median = 1.422 ms, Q3 = 1.422 ms, Max = 1.424 ms
IQR = 0.001 ms, LowerFence = 1.420 ms, UpperFence = 1.424 ms
ConfidenceInterval = [1.421 ms; 1.423 ms] (CI 99.9%), Margin = 0.001 ms (0.08% of Mean)
Skewness = 0.36, Kurtosis = 2.57, MValue = 2
-------------------- Histogram --------------------
[1.420 ms ; 1.425 ms) | @@@@@@@@@@@@
---------------------------------------------------

RecordReaderBenchmark.TupleRecordReader_Benchmark: DefaultJob
Runtime = .NET 10.0.0 (10.0.0, 10.0.25.52411), Arm64 RyuJIT armv8.0-a; GC = Concurrent Workstation
Mean = 596.500 μs, StdErr = 2.640 μs (0.44%), N = 14, StdDev = 9.878 μs
Min = 576.769 μs, Q1 = 591.580 μs, Median = 598.575 μs, Q3 = 604.050 μs, Max = 608.148 μs
IQR = 12.469 μs, LowerFence = 572.876 μs, UpperFence = 622.754 μs
ConfidenceInterval = [585.358 μs; 607.643 μs] (CI 99.9%), Margin = 11.143 μs (1.87% of Mean)
Skewness = -0.61, Kurtosis = 2.06, MValue = 2
-------------------- Histogram --------------------
[575.309 μs ; 587.588 μs) | @@@
[587.588 μs ; 609.162 μs) | @@@@@@@@@@@
---------------------------------------------------

// * Summary *

BenchmarkDotNet v0.15.8, macOS Tahoe 26.2 (25C56) [Darwin 25.2.0]
Apple M2 Pro, 1 CPU, 12 logical and 12 physical cores
.NET SDK 10.0.100
  [Host]     : .NET 10.0.0 (10.0.0, 10.0.25.52411), Arm64 RyuJIT armv8.0-a
  DefaultJob : .NET 10.0.0 (10.0.0, 10.0.25.52411), Arm64 RyuJIT armv8.0-a


| Method                           | Mean       | Error    | StdDev  | Ratio | Gen0     | Gen1   | Allocated | Alloc Ratio |
|--------------------------------- |-----------:|---------:|--------:|------:|---------:|-------:|----------:|------------:|
| ObjectDataRecordReader_Benchmark | 1,422.0 μs |  1.20 μs | 0.94 μs |  1.00 | 613.2813 | 5.8594 |    4.9 MB |        1.00 |
| TupleRecordReader_Benchmark      |   596.5 μs | 11.14 μs | 9.88 μs |  0.42 | 242.1875 |      - |   1.94 MB |        0.39 |

// * Warnings *
MinIterationTime
  RecordReaderBenchmark.TupleRecordReader_Benchmark: Default -> The minimum observed iteration time is 73.827ms which is very small. It's recommended to increase it to at least 100ms using more operations.

// * Hints *
Outliers
  RecordReaderBenchmark.ObjectDataRecordReader_Benchmark: Default -> 3 outliers were removed (1.44 ms..1.47 ms)
  RecordReaderBenchmark.TupleRecordReader_Benchmark: Default      -> 1 outlier  was  removed (628.92 μs)

// * Legends *
  Mean        : Arithmetic mean of all measurements
  Error       : Half of 99.9% confidence interval
  StdDev      : Standard deviation of all measurements
  Ratio       : Mean of the ratio distribution ([Current]/[Baseline])
  Gen0        : GC Generation 0 collects per 1000 operations
  Gen1        : GC Generation 1 collects per 1000 operations
  Allocated   : Allocated memory per single operation (managed only, inclusive, 1KB = 1024B)
  Alloc Ratio : Allocated memory ratio distribution ([Current]/[Baseline])
  1 μs        : 1 Microsecond (0.000001 sec)

// * Diagnostic Output - MemoryDiagnoser *


// ***** BenchmarkRunner: End *****
Run time: 00:00:21 (21.83 sec), executed benchmarks: 2

Global total time: 00:00:29 (29.32 sec), executed benchmarks: 2
// * Artifacts cleanup *
Artifacts cleanup is finished
